Archive member included to satisfy reference by file (symbol)

C:/ST/STM32CubeIDE_1.13.2/STM32CubeIDE/plugins/com.st.stm32cube.ide.mcu.externaltools.gnu-tools-for-stm32.11.3.rel1.win32_1.1.1.202309131626/tools/bin/../lib/gcc/arm-none-eabi/11.3.1/../../../../arm-none-eabi/lib/thumb/v7e-m+fp/hard\libc_nano.a(libc_a-exit.o)
                              C:/ST/STM32CubeIDE_1.13.2/STM32CubeIDE/plugins/com.st.stm32cube.ide.mcu.externaltools.gnu-tools-for-stm32.11.3.rel1.win32_1.1.1.202309131626/tools/bin/../lib/gcc/arm-none-eabi/11.3.1/../../../../arm-none-eabi/lib/thumb/v7e-m+fp/hard/crt0.o (exit)
C:/ST/STM32CubeIDE_1.13.2/STM32CubeIDE/plugins/com.st.stm32cube.ide.mcu.externaltools.gnu-tools-for-stm32.11.3.rel1.win32_1.1.1.202309131626/tools/bin/../lib/gcc/arm-none-eabi/11.3.1/../../../../arm-none-eabi/lib/thumb/v7e-m+fp/hard\libc_nano.a(libc_a-findfp.o)
                              C:/ST/STM32CubeIDE_1.13.2/STM32CubeIDE/plugins/com.st.stm32cube.ide.mcu.externaltools.gnu-tools-for-stm32.11.3.rel1.win32_1.1.1.202309131626/tools/bin/../lib/gcc/arm-none-eabi/11.3.1/../../../../arm-none-eabi/lib/thumb/v7e-m+fp/hard\libc_nano.a(libc_a-exit.o) (__stdio_exit_handler)
C:/ST/STM32CubeIDE_1.13.2/STM32CubeIDE/plugins/com.st.stm32cube.ide.mcu.externaltools.gnu-tools-for-stm32.11.3.rel1.win32_1.1.1.202309131626/tools/bin/../lib/gcc/arm-none-eabi/11.3.1/../../../../arm-none-eabi/lib/thumb/v7e-m+fp/hard\libc_nano.a(libc_a-fwalk.o)
                              C:/ST/STM32CubeIDE_1.13.2/STM32CubeIDE/plugins/com.st.stm32cube.ide.mcu.externaltools.gnu-tools-for-stm32.11.3.rel1.win32_1.1.1.202309131626/tools/bin/../lib/gcc/arm-none-eabi/11.3.1/../../../../arm-none-eabi/lib/thumb/v7e-m+fp/hard\libc_nano.a(libc_a-findfp.o) (_fwalk_sglue)
C:/ST/STM32CubeIDE_1.13.2/STM32CubeIDE/plugins/com.st.stm32cube.ide.mcu.externaltools.gnu-tools-for-stm32.11.3.rel1.win32_1.1.1.202309131626/tools/bin/../lib/gcc/arm-none-eabi/11.3.1/../../../../arm-none-eabi/lib/thumb/v7e-m+fp/hard\libc_nano.a(libc_a-stdio.o)
                              C:/ST/STM32CubeIDE_1.13.2/STM32CubeIDE/plugins/com.st.stm32cube.ide.mcu.externaltools.gnu-tools-for-stm32.11.3.rel1.win32_1.1.1.202309131626/tools/bin/../lib/gcc/arm-none-eabi/11.3.1/../../../../arm-none-eabi/lib/thumb/v7e-m+fp/hard\libc_nano.a(libc_a-findfp.o) (__sread)
C:/ST/STM32CubeIDE_1.13.2/STM32CubeIDE/plugins/com.st.stm32cube.ide.mcu.externaltools.gnu-tools-for-stm32.11.3.rel1.win32_1.1.1.202309131626/tools/bin/../lib/gcc/arm-none-eabi/11.3.1/../../../../arm-none-eabi/lib/thumb/v7e-m+fp/hard\libc_nano.a(libc_a-memset.o)
                              C:/ST/STM32CubeIDE_1.13.2/STM32CubeIDE/plugins/com.st.stm32cube.ide.mcu.externaltools.gnu-tools-for-stm32.11.3.rel1.win32_1.1.1.202309131626/tools/bin/../lib/gcc/arm-none-eabi/11.3.1/../../../../arm-none-eabi/lib/thumb/v7e-m+fp/hard/crt0.o (memset)
C:/ST/STM32CubeIDE_1.13.2/STM32CubeIDE/plugins/com.st.stm32cube.ide.mcu.externaltools.gnu-tools-for-stm32.11.3.rel1.win32_1.1.1.202309131626/tools/bin/../lib/gcc/arm-none-eabi/11.3.1/../../../../arm-none-eabi/lib/thumb/v7e-m+fp/hard\libc_nano.a(libc_a-closer.o)
                              C:/ST/STM32CubeIDE_1.13.2/STM32CubeIDE/plugins/com.st.stm32cube.ide.mcu.externaltools.gnu-tools-for-stm32.11.3.rel1.win32_1.1.1.202309131626/tools/bin/../lib/gcc/arm-none-eabi/11.3.1/../../../../arm-none-eabi/lib/thumb/v7e-m+fp/hard\libc_nano.a(libc_a-stdio.o) (_close_r)
C:/ST/STM32CubeIDE_1.13.2/STM32CubeIDE/plugins/com.st.stm32cube.ide.mcu.externaltools.gnu-tools-for-stm32.11.3.rel1.win32_1.1.1.202309131626/tools/bin/../lib/gcc/arm-none-eabi/11.3.1/../../../../arm-none-eabi/lib/thumb/v7e-m+fp/hard\libc_nano.a(libc_a-reent.o)
                              C:/ST/STM32CubeIDE_1.13.2/STM32CubeIDE/plugins/com.st.stm32cube.ide.mcu.externaltools.gnu-tools-for-stm32.11.3.rel1.win32_1.1.1.202309131626/tools/bin/../lib/gcc/arm-none-eabi/11.3.1/../../../../arm-none-eabi/lib/thumb/v7e-m+fp/hard\libc_nano.a(libc_a-closer.o) (errno)
C:/ST/STM32CubeIDE_1.13.2/STM32CubeIDE/plugins/com.st.stm32cube.ide.mcu.externaltools.gnu-tools-for-stm32.11.3.rel1.win32_1.1.1.202309131626/tools/bin/../lib/gcc/arm-none-eabi/11.3.1/../../../../arm-none-eabi/lib/thumb/v7e-m+fp/hard\libc_nano.a(libc_a-impure.o)
                              C:/ST/STM32CubeIDE_1.13.2/STM32CubeIDE/plugins/com.st.stm32cube.ide.mcu.externaltools.gnu-tools-for-stm32.11.3.rel1.win32_1.1.1.202309131626/tools/bin/../lib/gcc/arm-none-eabi/11.3.1/../../../../arm-none-eabi/lib/thumb/v7e-m+fp/hard\libc_nano.a(libc_a-reent.o) (_impure_ptr)
C:/ST/STM32CubeIDE_1.13.2/STM32CubeIDE/plugins/com.st.stm32cube.ide.mcu.externaltools.gnu-tools-for-stm32.11.3.rel1.win32_1.1.1.202309131626/tools/bin/../lib/gcc/arm-none-eabi/11.3.1/../../../../arm-none-eabi/lib/thumb/v7e-m+fp/hard\libc_nano.a(libc_a-lseekr.o)
[...]
Memory Configuration

Name             Origin             Length             Attributes
CCMRAM           0x0000000010000000 0x0000000000004000 xrw
RAM              0x0000000020000000 0x0000000000010000 xrw
FLASH            0x0000000008000000 0x0000000000080000 xr
*default*        0x0000000000000000 0xffffffffffffffff

Linker script and memory map

LOAD C:/ST/STM32CubeIDE_1.13.2/STM32CubeIDE/plugins/com.st.stm32cube.ide.mcu.externaltools.gnu-tools-for-stm32.11.3.rel1.win32_1.1.1.202309131626/tools/bin/../lib/gcc/arm-none-eabi/11.3.1/thumb/v7e-m+fp/hard/crti.o
LOAD C:/ST/STM32CubeIDE_1.13.2/STM32CubeIDE/plugins/com.st.stm32cube.ide.mcu.externaltools.gnu-tools-for-stm32.11.3.rel1.win32_1.1.1.202309131626/tools/bin/../lib/gcc/arm-none-eabi/11.3.1/thumb/v7e-m+fp/hard/crtbegin.o
LOAD C:/ST/STM32CubeIDE_1.13.2/STM32CubeIDE/plugins/com.st.stm32cube.ide.mcu.externaltools.gnu-tools-for-stm32.11.3.rel1.win32_1.1.1.202309131626/tools/bin/../lib/gcc/arm-none-eabi/11.3.1/../../../../arm-none-eabi/lib/thumb/v7e-m+fp/hard/crt0.o
LOAD ./Src/GPIO_program.o
LOAD ./Src/RCC_program.o
LOAD ./Src/SSD_program.o
LOAD ./Src/main.o
LOAD ./Src/syscalls.o
LOAD ./Src/sysmem.o
LOAD ./Startup/startup_stm32f303retx.o
START GROUP
LOAD C:/ST/STM32CubeIDE_1.13.2/STM32CubeIDE/plugins/com.st.stm32cube.ide.mcu.externaltools.gnu-tools-for-stm32.11.3.rel1.win32_1.1.1.202309131626/tools/bin/../lib/gcc/arm-none-eabi/11.3.1/../../../../arm-none-eabi/lib/thumb/v7e-m+fp/hard\libc_nano.a
LOAD C:/ST/STM32CubeIDE_1.13.2/STM32CubeIDE/plugins/com.st.stm32cube.ide.mcu.externaltools.gnu-tools-for-stm32.11.3.rel1.win32_1.1.1.202309131626/tools/bin/../lib/gcc/arm-none-eabi/11.3.1/../../../../arm-none-eabi/lib/thumb/v7e-m+fp/hard\libm.a
END GROUP
START GROUP
LOAD C:/ST/STM32CubeIDE_1.13.2/STM32CubeIDE/plugins/com.st.stm32cube.ide.mcu.externaltools.gnu-tools-for-stm32.11.3.rel1.win32_1.1.1.202309131626/tools/bin/../lib/gcc/arm-none-eabi/11.3.1/thumb/v7e-m+fp/hard\libgcc.a
LOAD C:/ST/STM32CubeIDE_1.13.2/STM32CubeIDE/plugins/com.st.stm32cube.ide.mcu.externaltools.gnu-tools-for-stm32.11.3.rel1.win32_1.1.1.202309131626/tools/bin/../lib/gcc/arm-none-eabi/11.3.1/../../../../arm-none-eabi/lib/thumb/v7e-m+fp/hard\libc_nano.a
END GROUP
START GROUP
LOAD C:/ST/STM32CubeIDE_1.13.2/STM32CubeIDE/plugins/com.st.stm32cube.ide.mcu.externaltools.gnu-tools-for-stm32.11.3.rel1.win32_1.1.1.202309131626/tools/bin/../lib/gcc/arm-none-eabi/11.3.1/thumb/v7e-m+fp/hard\libgcc.a
LOAD C:/ST/STM32CubeIDE_1.13.2/STM32CubeIDE/plugins/com.st.stm32cube.ide.mcu.externaltools.gnu-tools-for-stm32.11.3.rel1.win32_1.1.1.202309131626/tools/bin/../lib/gcc/arm-none-eabi/11.3.1/../../../../arm-none-eabi/lib/thumb/v7e-m+fp/hard\libc_nano.a
LOAD C:/ST/STM32CubeIDE_1.13.2/STM32CubeIDE/plugins/com.st.stm32cube.ide.mcu.externaltools.gnu-tools-for-stm32.11.3.rel1.win32_1.1.1.202309131626/tools/bin/../lib/gcc/arm-none-eabi/11.3.1/../../../../arm-none-eabi/lib/thumb/v7e-m+fp/hard\libnosys.a
END GROUP
START GROUP
LOAD C:/ST/STM32CubeIDE_1.13.2/STM32CubeIDE/plugins/com.st.stm32cube.ide.mcu.externaltools.gnu-tools-for-stm32.11.3.rel1.win32_1.1.1.202309131626/tools/bin/../lib/gcc/arm-none-eabi/11.3.1/thumb/v7e-m+fp/hard\libgcc.a
LOAD C:/ST/STM32CubeIDE_1.13.2/STM32CubeIDE/plugins/com.st.stm32cube.ide.mcu.externaltools.gnu-tools-for-stm32.11.3.rel1.win32_1.1.1.202309131626/tools/bin/../lib/gcc/arm-none-eabi/11.3.1/../../../../arm-none-eabi/lib/thumb/v7e-m+fp/hard\libc_nano.a
LOAD C:/ST/STM32CubeIDE_1.13.2/STM32CubeIDE/plugins/com.st.stm32cube.ide.mcu.externaltools.gnu-tools-for-stm32.11.3.rel1.win32_1.1.1.202309131626/tools/bin/../lib/gcc/arm-none-eabi/11.3.1/../../../../arm-none-eabi/lib/thumb/v7e-m+fp/hard\libnosys.a
END GROUP
LOAD C:/ST/STM32CubeIDE_1.13.2/STM32CubeIDE/plugins/com.st.stm32cube.ide.mcu.externaltools.gnu-tools-for-stm32.11.3.rel1.win32_1.1.1.202309131626/tools/bin/../lib/gcc/arm-none-eabi/11.3.1/thumb/v7e-m+fp/hard/crtend.o
LOAD C:/ST/STM32CubeIDE_1.13.2/STM32CubeIDE/plugins/com.st.stm32cube.ide.mcu.externaltools.gnu-tools-for-stm32.11.3.rel1.win32_1.1.1.202309131626/tools/bin/../lib/gcc/arm-none-eabi/11.3.1/thumb/v7e-m+fp/hard/crtn.o
                0x0000000020010000                _estack = (ORIGIN (RAM) + LENGTH (RAM))
                0x0000000000000200                _Min_Heap_Size = 0x200
                0x0000000000000400                _Min_Stack_Size = 0x400

.isr_vector     0x0000000008000000      0x194
                0x0000000008000000                . = ALIGN (0x4)
 *(.isr_vector)
 .isr_vector    0x0000000008000000      0x194 ./Startup/startup_stm32f303retx.o
                0x0000000008000000                g_pfnVectors
                0x0000000008000194                . = ALIGN (0x4)

.text           0x0000000008000194      0x970
                0x0000000008000194                . = ALIGN (0x4)
 *(.text)
 .text          0x0000000008000194       0x40 C:/ST/STM32CubeIDE_1.13.2/STM32CubeIDE/plugins/com.st.stm32cube.ide.mcu.externaltools.gnu-tools-for-stm32.11.3.rel1.win32_1.1.1.202309131626/tools/bin/../lib/gcc/arm-none-eabi/11.3.1/thumb/v7e-m+fp/hard/crtbegin.o
 *(.text*)
 .text.GPIO_u8InitPin
                0x00000000080001d4      0x278 ./Src/GPIO_program.o
                0x00000000080001d4                GPIO_u8InitPin
 .text.GPIO_u8SetPinValue
                0x000000000800044c       0x90 ./Src/GPIO_program.o
                0x000000000800044c                GPIO_u8SetPinValue
 .text.RCC_voidSetClockStatus
                0x00000000080004dc       0xe0 ./Src/RCC_program.o
                0x00000000080004dc                RCC_voidSetClockStatus
 .text.RCC_voidSetSystemClock
                0x00000000080005bc       0x7c ./Src/RCC_program.o
                0x00000000080005bc                RCC_voidSetSystemClock
 .text.RCC_voidEnable_AHB_clock
                0x0000000008000638      0x15c ./Src/RCC_program.o
                0x0000000008000638                RCC_voidEnable_AHB_clock
 .text.SSD_voidDisplayNumber
                0x0000000008000794       0x60 ./Src/SSD_program.o
                0x0000000008000794                SSD_voidDisplayNumber
 .text.PRV_voidWriteGroupOfPins
                0x00000000080007f4      0x10a ./Src/SSD_program.o
 .text.SSD_voidInit
                0x00000000080008fe      0x13e ./Src/SSD_program.o
                0x00000000080008fe                SSD_voidInit
 .text.main     0x0000000008000a3c       0x12 ./Src/main.o
                0x0000000008000a3c                main
 *fill*         0x0000000008000a4e        0x2 
 .text.Reset_Handler
                0x0000000008000a50       0x50 ./Startup/startup_stm32f303retx.o
                0x0000000008000a50                Reset_Handler
 .text.Default_Handler
                0x0000000008000aa0        0x2 ./Startup/startup_stm32f303retx.o
                0x0000000008000aa0                TIM8_TRG_COM_IRQHandler
                0x0000000008000aa0                TIM8_CC_IRQHandler
                0x0000000008000aa0                DebugMon_Handler
                0x0000000008000aa0                DMA1_CH4_IRQHandler
                0x0000000008000aa0                SPI4_IRQHandler
                0x0000000008000aa0                TIM1_CC_IRQHandler
                0x0000000008000aa0                HardFault_Handler
                0x0000000008000aa0                USB_HP_IRQHandler
                0x0000000008000aa0                I2C2_EV_EXTI24_IRQHandler
                0x0000000008000aa0                SysTick_Handler
                0x0000000008000aa0                USB_WKUP_EXTI_IRQHandler
                0x0000000008000aa0                PVD_IRQHandler
                0x0000000008000aa0                UART4_EXTI34_IRQHandler
                0x0000000008000aa0                TAMP_STAMP_IRQHandler
                0x0000000008000aa0                PendSV_Handler
                0x0000000008000aa0                NMI_Handler
                0x0000000008000aa0                EXTI3_IRQHandler
                0x0000000008000aa0                I2C3_ER_IRQHandler
                0x0000000008000aa0                TIM6_DACUNDER_IRQHandler
                0x0000000008000aa0                USB_HP_CAN_TX_IRQHandler
                0x0000000008000aa0                EXTI0_IRQHandler
                0x0000000008000aa0                DMA2_CH1_IRQHandler
                0x0000000008000aa0                TIM1_UP_TIM16_IRQHandler
                0x0000000008000aa0                UsageFault_Handler
                0x0000000008000aa0                ADC1_2_IRQHandler
                0x0000000008000aa0                SPI1_IRQHandler
                0x0000000008000aa0                CAN_SCE_IRQHandler
                0x0000000008000aa0                DMA1_CH7_IRQHandler
                0x0000000008000aa0                TIM8_UP_IRQHandler
                0x0000000008000aa0                COMP456_IRQHandler
                0x0000000008000aa0                DMA1_CH6_IRQHandler
                0x0000000008000aa0                TIM20_TRG_COM_IRQHandler
                0x0000000008000aa0                ADC3_IRQHandler
                0x0000000008000aa0                TIM4_IRQHandler
                0x0000000008000aa0                CAN_RX1_IRQHandler
                0x0000000008000aa0                USART1_EXTI25_IRQHandler
                0x0000000008000aa0                DMA2_CH5_IRQHandler
                0x0000000008000aa0                I2C1_EV_EXTI23_IRQHandler
                0x0000000008000aa0                DMA1_CH3_IRQHandler
                0x0000000008000aa0                TIM3_IRQHandler
                0x0000000008000aa0                RCC_IRQHandler
                0x0000000008000aa0                TIM20_UP_IRQHandler
                0x0000000008000aa0                Default_Handler
                0x0000000008000aa0                EXTI15_10_IRQHandler
                0x0000000008000aa0                USART2_EXTI26_IRQHandler
                0x0000000008000aa0                USART3_EXTI28_IRQHandler
                0x0000000008000aa0                TIM7_IRQHandler
                0x0000000008000aa0                I2C3_EV_IRQHandler
                0x0000000008000aa0                EXTI9_5_IRQHandler
                0x0000000008000aa0                DMA1_CH2_IRQHandler
                0x0000000008000aa0                RTC_WKUP_IRQHandler
                0x0000000008000aa0                SPI2_IRQHandler
                0x0000000008000aa0                DMA1_CH1_IRQHandler
                0x0000000008000aa0                USB_LP_CAN_RX0_IRQHandler
                0x0000000008000aa0                MemManage_Handler
                0x0000000008000aa0                COMP123_IRQHandler
                0x0000000008000aa0                SVC_Handler
                0x0000000008000aa0                USB_LP_IRQHandler
                0x0000000008000aa0                EXTI4_IRQHandler
                0x0000000008000aa0                TIM1_TRG_COM_TIM17_IRQHandler
                0x0000000008000aa0                ADC4_IRQHandler
                0x0000000008000aa0                WWDG_IRQHandler
                0x0000000008000aa0                TIM2_IRQHandler
                0x0000000008000aa0                COMP7_IRQHandler
                0x0000000008000aa0                EXTI1_IRQHandler
                0x0000000008000aa0                RTCAlarm_IRQHandler
                0x0000000008000aa0                UART5_EXTI35_IRQHandler
                0x0000000008000aa0                TIM20_BRK_IRQHandler
                0x0000000008000aa0                I2C2_ER_IRQHandler
                0x0000000008000aa0                TIM8_BRK_IRQHandler
                0x0000000008000aa0                FLASH_IRQHandler
                0x0000000008000aa0                TIM20_CC_IRQHandler
                0x0000000008000aa0                BusFault_Handler
                0x0000000008000aa0                SPI3_IRQHandler
                0x0000000008000aa0                DMA2_CH3_IRQHandler
                0x0000000008000aa0                DMA2_CH2_IRQHandler
                0x0000000008000aa0                I2C1_ER_IRQHandler
                0x0000000008000aa0                FMC_IRQHandler
                0x0000000008000aa0                DMA1_CH5_IRQHandler
                0x0000000008000aa0                DMA2_CH4_IRQHandler
                0x0000000008000aa0                USB_WKUP_IRQHandler
                0x0000000008000aa0                EXTI2_TSC_IRQHandler
                0x0000000008000aa0                TIM1_BRK_TIM15_IRQHandler
 *fill*         0x0000000008000aa2        0x2 
 .text.__libc_init_array
                0x0000000008000aa4       0x48 C:/ST/STM32CubeIDE_1.13.2/STM32CubeIDE/plugins/com.st.stm32cube.ide.mcu.externaltools.gnu-tools-for-stm32.11.3.rel1.win32_1.1.1.202309131626/tools/bin/../lib/gcc/arm-none-eabi/11.3.1/../../../../arm-none-eabi/lib/thumb/v7e-m+fp/hard\libc_nano.a(libc_a-init.o)
                0x0000000008000aa4                __libc_init_array
 *(.glue_7)
 .glue_7        0x0000000008000aec        0x0 linker stubs
 *(.glue_7t)
 .glue_7t       0x0000000008000aec        0x0 linker stubs
 *(.eh_frame)
 .eh_frame      0x0000000008000aec        0x0 C:/ST/STM32CubeIDE_1.13.2/STM32CubeIDE/plugins/com.st.stm32cube.ide.mcu.externaltools.gnu-tools-for-stm32.11.3.rel1.win32_1.1.1.202309131626/tools/bin/../lib/gcc/arm-none-eabi/11.3.1/thumb/v7e-m+fp/hard/crtbegin.o
 *(.init)
 .init          0x0000000008000aec        0x4 C:/ST/STM32CubeIDE_1.13.2/STM32CubeIDE/plugins/com.st.stm32cube.ide.mcu.externaltools.gnu-tools-for-stm32.11.3.rel1.win32_1.1.1.202309131626/tools/bin/../lib/gcc/arm-none-eabi/11.3.1/thumb/v7e-m+fp/hard/crti.o
                0x0000000008000aec                _init
 .init          0x0000000008000af0        0x8 C:/ST/STM32CubeIDE_1.13.2/STM32CubeIDE/plugins/com.st.stm32cube.ide.mcu.externaltools.gnu-tools-for-stm32.11.3.rel1.win32_1.1.1.202309131626/tools/bin/../lib/gcc/arm-none-eabi/11.3.1/thumb/v7e-m+fp/hard/crtn.o
 *(.fini)
 .fini          0x0000000008000af8        0x4 C:/ST/STM32CubeIDE_1.13.2/STM32CubeIDE/plugins/com.st.stm32cube.ide.mcu.externaltools.gnu-tools-for-stm32.11.3.rel1.win32_1.1.1.202309131626/tools/bin/../lib/gcc/arm-none-eabi/11.3.1/thumb/v7e-m+fp/hard/crti.o
                0x0000000008000af8                _fini
 .fini          0x0000000008000afc        0x8 C:/ST/STM32CubeIDE_1.13.2/STM32CubeIDE/plugins/com.st.stm32cube.ide.mcu.externaltools.gnu-tools-for-stm32.11.3.rel1.win32_1.1.1.202309131626/tools/bin/../lib/gcc/arm-none-eabi/11.3.1/thumb/v7e-m+fp/hard/crtn.o
                0x0000000008000b04                . = ALIGN (0x4)
                0x0000000008000b04                _etext = .

.vfp11_veneer   0x0000000008000b04        0x0
 .vfp11_veneer  0x0000000008000b04        0x0 linker stubs

.v4_bx          0x0000000008000b04        0x0
 .v4_bx         0x0000000008000b04        0x0 linker stubs

.iplt           0x0000000008000b04        0x0
 .iplt          0x0000000008000b04        0x0 C:/ST/STM32CubeIDE_1.13.2/STM32CubeIDE/plugins/com.st.stm32cube.ide.mcu.externaltools.gnu-tools-for-stm32.11.3.rel1.win32_1.1.1.202309131626/tools/bin/../lib/gcc/arm-none-eabi/11.3.1/thumb/v7e-m+fp/hard/crtbegin.o

.rel.dyn        0x0000000008000b04        0x0
 .rel.iplt      0x0000000008000b04        0x0 C:/ST/STM32CubeIDE_1.13.2/STM32CubeIDE/plugins/com.st.stm32cube.ide.mcu.externaltools.gnu-tools-for-stm32.11.3.rel1.win32_1.1.1.202309131626/tools/bin/../lib/gcc/arm-none-eabi/11.3.1/thumb/v7e-m+fp/hard/crtbegin.o

.rodata         0x0000000008000b04        0x0
                0x0000000008000b04                . = ALIGN (0x4)
 *(.rodata)
 *(.rodata*)
                0x0000000008000b04                . = ALIGN (0x4)

.ARM.extab      0x0000000008000b04        0x0
                0x0000000008000b04                . = ALIGN (0x4)
 *(.ARM.extab* .gnu.linkonce.armextab.*)
                0x0000000008000b04                . = ALIGN (0x4)

.ARM            0x0000000008000b04        0x0
                0x0000000008000b04                . = ALIGN (0x4)
                0x0000000008000b04                __exidx_start = .
 *(.ARM.exidx*)
                0x0000000008000b04                __exidx_end = .
                0x0000000008000b04                . = ALIGN (0x4)

.preinit_array  0x0000000008000b04        0x0
                0x0000000008000b04                . = ALIGN (0x4)
                0x0000000008000b04                PROVIDE (__preinit_array_start = .)
 *(.preinit_array*)
                0x0000000008000b04                PROVIDE (__preinit_array_end = .)
                0x0000000008000b04                . = ALIGN (0x4)

.init_array     0x0000000008000b04        0x4
                0x0000000008000b04                . = ALIGN (0x4)
                0x0000000008000b04                PROVIDE (__init_array_start = .)
 *(SORT_BY_NAME(.init_array.*))
 *(.init_array*)
 .init_array    0x0000000008000b04        0x4 C:/ST/STM32CubeIDE_1.13.2/STM32CubeIDE/plugins/com.st.stm32cube.ide.mcu.externaltools.gnu-tools-for-stm32.11.3.rel1.win32_1.1.1.202309131626/tools/bin/../lib/gcc/arm-none-eabi/11.3.1/thumb/v7e-m+fp/hard/crtbegin.o
                0x0000000008000b08                PROVIDE (__init_array_end = .)
                0x0000000008000b08                . = ALIGN (0x4)

.fini_array     0x0000000008000b08        0x4
                0x0000000008000b08                . = ALIGN (0x4)
                [!provide]                        PROVIDE (__fini_array_start = .)
 *(SORT_BY_NAME(.fini_array.*))
 *(.fini_array*)
 .fini_array    0x0000000008000b08        0x4 C:/ST/STM32CubeIDE_1.13.2/STM32CubeIDE/plugins/com.st.stm32cube.ide.mcu.externaltools.gnu-tools-for-stm32.11.3.rel1.win32_1.1.1.202309131626/tools/bin/../lib/gcc/arm-none-eabi/11.3.1/thumb/v7e-m+fp/hard/crtbegin.o
                [!provide]                        PROVIDE (__fini_array_end = .)
                0x0000000008000b0c                . = ALIGN (0x4)
                0x0000000008000b0c                _sidata = LOADADDR (.data)

.data           0x0000000020000000       0x2c load address 0x0000000008000b0c
                0x0000000020000000                . = ALIGN (0x4)
                0x0000000020000000                _sdata = .
 *(.data)
 *(.data*)
 .data.PRV_arrGPIO_Ports
                0x0000000020000000       0x20 ./Src/GPIO_program.o
 .data.PRV_u8Numbers
                0x0000000020000020        0xa ./Src/SSD_program.o
 *(.RamFunc)
 *(.RamFunc*)
                0x000000002000002c                . = ALIGN (0x4)
 *fill*         0x000000002000002a        0x2 
                0x000000002000002c                _edata = .
                0x0000000008000b38                _siccmram = LOADADDR (.ccmram)

.igot.plt       0x000000002000002c        0x0 load address 0x0000000008000b38
 .igot.plt      0x000000002000002c        0x0 C:/ST/STM32CubeIDE_1.13.2/STM32CubeIDE/plugins/com.st.stm32cube.ide.mcu.externaltools.gnu-tools-for-stm32.11.3.rel1.win32_1.1.1.202309131626/tools/bin/../lib/gcc/arm-none-eabi/11.3.1/thumb/v7e-m+fp/hard/crtbegin.o

.ccmram         0x0000000010000000        0x0 load address 0x0000000008000b38
                0x0000000010000000                . = ALIGN (0x4)
                0x0000000010000000                _sccmram = .
 *(.ccmram)
 *(.ccmram*)
                0x0000000010000000                . = ALIGN (0x4)
                0x0000000010000000                _eccmram = .
                0x0000000010000000                . = ALIGN (0x4)

.bss            0x000000002000002c       0x1c
                0x000000002000002c                _sbss = .
                0x000000002000002c                __bss_start__ = _sbss
 *(.bss)
 .bss           0x000000002000002c       0x1c C:/ST/STM32CubeIDE_1.13.2/STM32CubeIDE/plugins/com.st.stm32cube.ide.mcu.externaltools.gnu-tools-for-stm32.11.3.rel1.win32_1.1.1.202309131626/tools/bin/../lib/gcc/arm-none-eabi/11.3.1/thumb/v7e-m+fp/hard/crtbegin.o
 *(.bss*)
 *(COMMON)
                0x0000000020000048                . = ALIGN (0x4)
                0x0000000020000048                _ebss = .
                0x0000000020000048                __bss_end__ = _ebss

._user_heap_stack
                0x0000000020000048      0x600
                0x0000000020000048                . = ALIGN (0x8)
                [!provide]                        PROVIDE (end = .)
                0x0000000020000048                PROVIDE (_end = .)
                0x0000000020000248                . = (. + _Min_Heap_Size)
 *fill*         0x0000000020000048      0x200 
                0x0000000020000648                . = (. + _Min_Stack_Size)
 *fill*         0x0000000020000248      0x400 
                0x0000000020000648                . = ALIGN (0x8)

/DISCARD/
 libc.a(*)
 libm.a(*)
 libgcc.a(*)

.ARM.attributes
                0x0000000000000000       0x30
 *(.ARM.attributes)
 .ARM.attributes
                0x0000000000000000       0x1e C:/ST/STM32CubeIDE_1.13.2/STM32CubeIDE/plugins/com.st.stm32cube.ide.mcu.externaltools.gnu-tools-for-stm32.11.3.rel1.win32_1.1.1.202309131626/tools/bin/../lib/gcc/arm-none-eabi/11.3.1/thumb/v7e-m+fp/hard/crti.o
 .ARM.attributes
                0x000000000000001e       0x34 C:/ST/STM32CubeIDE_1.13.2/STM32CubeIDE/plugins/com.st.stm32cube.ide.mcu.externaltools.gnu-tools-for-stm32.11.3.rel1.win32_1.1.1.202309131626/tools/bin/../lib/gcc/arm-none-eabi/11.3.1/thumb/v7e-m+fp/hard/crtbegin.o
 .ARM.attributes
                0x0000000000000052       0x34 ./Src/GPIO_program.o
 .ARM.attributes
                0x0000000000000086       0x34 ./Src/RCC_program.o
 .ARM.attributes
                0x00000000000000ba       0x34 ./Src/SSD_program.o
 .ARM.attributes
                0x00000000000000ee       0x34 ./Src/main.o
 .ARM.attributes
                0x0000000000000122       0x21 ./Startup/startup_stm32f303retx.o
 .ARM.attributes
                0x0000000000000143       0x34 C:/ST/STM32CubeIDE_1.13.2/STM32CubeIDE/plugins/com.st.stm32cube.ide.mcu.externaltools.gnu-tools-for-stm32.11.3.rel1.win32_1.1.1.202309131626/tools/bin/../lib/gcc/arm-none-eabi/11.3.1/../../../../arm-none-eabi/lib/thumb/v7e-m+fp/hard\libc_nano.a(libc_a-init.o)
 .ARM.attributes
                0x0000000000000177       0x1e C:/ST/STM32CubeIDE_1.13.2/STM32CubeIDE/plugins/com.st.stm32cube.ide.mcu.externaltools.gnu-tools-for-stm32.11.3.rel1.win32_1.1.1.202309131626/tools/bin/../lib/gcc/arm-none-eabi/11.3.1/thumb/v7e-m+fp/hard/crtn.o
OUTPUT(7_segment_display.elf elf32-littlearm)
LOAD linker stubs
LOAD C:/ST/STM32CubeIDE_1.13.2/STM32CubeIDE/plugins/com.st.stm32cube.ide.mcu.externaltools.gnu-tools-for-stm32.11.3.rel1.win32_1.1.1.202309131626/tools/bin/../lib/gcc/arm-none-eabi/11.3.1/../../../../arm-none-eabi/lib/thumb/v7e-m+fp/hard\libc.a
LOAD C:/ST/STM32CubeIDE_1.13.2/STM32CubeIDE/plugins/com.st.stm32cube.ide.mcu.externaltools.gnu-tools-for-stm32.11.3.rel1.win32_1.1.1.202309131626/tools/bin/../lib/gcc/arm-none-eabi/11.3.1/../../../../arm-none-eabi/lib/thumb/v7e-m+fp/hard\libm.a
LOAD C:/ST/STM32CubeIDE_1.13.2/STM32CubeIDE/plugins/com.st.stm32cube.ide.mcu.externaltools.gnu-tools-for-stm32.11.3.rel1.win32_1.1.1.202309131626/tools/bin/../lib/gcc/arm-none-eabi/11.3.1/thumb/v7e-m+fp/hard\libgcc.a

.comment        0x0000000000000000       0x43
 .comment       0x0000000000000000       0x43 C:/ST/STM32CubeIDE_1.13.2/STM32CubeIDE/plugins/com.st.stm32cube.ide.mcu.externaltools.gnu-tools-for-stm32.11.3.rel1.win32_1.1.1.202309131626/tools/bin/../lib/gcc/arm-none-eabi/11.3.1/thumb/v7e-m+fp/hard/crtbegin.o
                                         0x44 (size before relaxing)
 .comment       0x0000000000000043       0x44 ./Src/GPIO_program.o
 .comment       0x0000000000000043       0x44 ./Src/RCC_program.o
 .comment       0x0000000000000043       0x44 ./Src/SSD_program.o
 .comment       0x0000000000000043       0x44 ./Src/main.o

.debug_info     0x0000000000000000     0x1167
 .debug_info    0x0000000000000000      0x509 ./Src/GPIO_program.o
 .debug_info    0x0000000000000509      0x63c ./Src/RCC_program.o
 .debug_info    0x0000000000000b45      0x541 ./Src/SSD_program.o
 .debug_info    0x0000000000001086       0xbe ./Src/main.o
 .debug_info    0x0000000000001144       0x23 ./Startup/startup_stm32f303retx.o

.debug_abbrev   0x0000000000000000      0x3e5
 .debug_abbrev  0x0000000000000000       0xfb ./Src/GPIO_program.o
 .debug_abbrev  0x00000000000000fb      0x10e ./Src/RCC_program.o
 .debug_abbrev  0x0000000000000209      0x145 ./Src/SSD_program.o
 .debug_abbrev  0x000000000000034e       0x85 ./Src/main.o
 .debug_abbrev  0x00000000000003d3       0x12 ./Startup/startup_stm32f303retx.o

.debug_aranges  0x0000000000000000      0x130
 .debug_aranges
                0x0000000000000000       0x38 ./Src/GPIO_program.o
 .debug_aranges
                0x0000000000000038       0x80 ./Src/RCC_program.o
 .debug_aranges
                0x00000000000000b8       0x30 ./Src/SSD_program.o
 .debug_aranges
                0x00000000000000e8       0x20 ./Src/main.o
 .debug_aranges
                0x0000000000000108       0x28 ./Startup/startup_stm32f303retx.o

.debug_rnglists
                0x0000000000000000       0xda
 .debug_rnglists
                0x0000000000000000       0x27 ./Src/GPIO_program.o
 .debug_rnglists
                0x0000000000000027       0x66 ./Src/RCC_program.o
 .debug_rnglists
                0x000000000000008d       0x21 ./Src/SSD_program.o
 .debug_rnglists
                0x00000000000000ae       0x13 ./Src/main.o
 .debug_rnglists
                0x00000000000000c1       0x19 ./Startup/startup_stm32f303retx.o

.debug_macro    0x0000000000000000     0x136a
 .debug_macro   0x0000000000000000       0x88 ./Src/GPIO_program.o
 .debug_macro   0x0000000000000088      0xab4 ./Src/GPIO_program.o
 .debug_macro   0x0000000000000b3c       0x22 ./Src/GPIO_program.o
 .debug_macro   0x0000000000000b5e       0x8e ./Src/GPIO_program.o
 .debug_macro   0x0000000000000bec       0x51 ./Src/GPIO_program.o
 .debug_macro   0x0000000000000c3d      0x103 ./Src/GPIO_program.o
 .debug_macro   0x0000000000000d40       0x6a ./Src/GPIO_program.o
 .debug_macro   0x0000000000000daa      0x1df ./Src/GPIO_program.o
 .debug_macro   0x0000000000000f89       0x82 ./Src/GPIO_program.o
 .debug_macro   0x000000000000100b       0x22 ./Src/GPIO_program.o
 .debug_macro   0x000000000000102d       0x46 ./Src/GPIO_program.o
 .debug_macro   0x0000000000001073       0x92 ./Src/RCC_program.o
 .debug_macro   0x0000000000001105       0x22 ./Src/RCC_program.o
 .debug_macro   0x0000000000001127       0xb7 ./Src/SSD_program.o
 .debug_macro   0x00000000000011de       0x16 ./Src/SSD_program.o
 .debug_macro   0x00000000000011f4       0x76 ./Src/SSD_program.o
 .debug_macro   0x000000000000126a       0x52 ./Src/SSD_program.o
 .debug_macro   0x00000000000012bc       0xae ./Src/main.o

.debug_line     0x0000000000000000     0x18d8
 .debug_line    0x0000000000000000      0x6c2 ./Src/GPIO_program.o
 .debug_line    0x00000000000006c2      0x7ab ./Src/RCC_program.o
 .debug_line    0x0000000000000e6d      0x555 ./Src/SSD_program.o
 .debug_line    0x00000000000013c2      0x49b ./Src/main.o
 .debug_line    0x000000000000185d       0x7b ./Startup/startup_stm32f303retx.o

.debug_str      0x0000000000000000     0x506f
 .debug_str     0x0000000000000000     0x4354 ./Src/GPIO_program.o
                                       0x4540 (size before relaxing)
 .debug_str     0x0000000000004354      0x98c ./Src/RCC_program.o
                                       0x49a0 (size before relaxing)
 .debug_str     0x0000000000004ce0      0x34d ./Src/SSD_program.o
                                       0x494c (size before relaxing)
 .debug_str     0x000000000000502d       0x13 ./Src/main.o
                                       0x4219 (size before relaxing)
 .debug_str     0x0000000000005040       0x2f ./Startup/startup_stm32f303retx.o
                                         0x6d (size before relaxing)

.debug_frame    0x0000000000000000      0x3a0
 .debug_frame   0x0000000000000000       0xb4 ./Src/GPIO_program.o
 .debug_frame   0x00000000000000b4      0x218 ./Src/RCC_program.o
 .debug_frame   0x00000000000002cc       0x7c ./Src/SSD_program.o
 .debug_frame   0x0000000000000348       0x2c ./Src/main.o
 .debug_frame   0x0000000000000374       0x2c C:/ST/STM32CubeIDE_1.13.2/STM32CubeIDE/plugins/com.st.stm32cube.ide.mcu.externaltools.gnu-tools-for-stm32.11.3.rel1.win32_1.1.1.202309131626/tools/bin/../lib/gcc/arm-none-eabi/11.3.1/../../../../arm-none-eabi/lib/thumb/v7e-m+fp/hard\libc_nano.a(libc_a-init.o)

.debug_line_str
                0x0000000000000000       0x61
 .debug_line_str
                0x0000000000000000       0x61 ./Startup/startup_stm32f303retx.o
                                         0x79 (size before relaxing)
